2022-02-12 15:31:00,974 > (INFO) [UI.Forms.f_Login]{but_IniciarSesion_Click}(User:N/A):: Modificación de usuario: 40c2462b-be8b-429a-8b0e-a5a2381e6cc8
2022-02-12 15:31:01,013 > (INFO) [UI.Forms.f_Login]{but_IniciarSesion_Click}(User:40c2462b-be8b-429a-8b0e-a5a2381e6cc8):: Inicio de sesión
2022-02-12 15:31:01,137 > (INFO) [BLL.Services.StartupService+<>c]{<Startup>b__0_1}(User:40c2462b-be8b-429a-8b0e-a5a2381e6cc8):: Inicialización de servicio de tareas programadas (comienzo de proceso)
2022-02-12 15:31:01,184 > (INFO) [BLL.Services.SchedulerService]{Startup}(User:40c2462b-be8b-429a-8b0e-a5a2381e6cc8):: Obtención de tareas programadas (comienzo de proceso)
2022-02-12 15:31:02,154 > (INFO) [BLL.Services.SchedulerService]{Startup}(User:40c2462b-be8b-429a-8b0e-a5a2381e6cc8):: Obtención de tareas programadas (fin de proceso)
2022-02-12 15:31:02,156 > (DEBUG) [BLL.Services.SchedulerService]{Startup}(User:40c2462b-be8b-429a-8b0e-a5a2381e6cc8):: Static to Dynamic Batch (inicio de proceso)
2022-02-12 15:31:02,219 > (DEBUG) [BLL.Services.SchedulerService]{Startup}(User:40c2462b-be8b-429a-8b0e-a5a2381e6cc8):: Static to Dynamic Batch (fin de proceso)
2022-02-12 15:31:02,219 > (INFO) [BLL.Services.StartupService+<>c]{<Startup>b__0_1}(User:40c2462b-be8b-429a-8b0e-a5a2381e6cc8):: Inicialización de servicio de tareas programadas (fin de proceso)
2022-02-12 15:31:04,241 > (INFO) [UI.Forms.f_Main]{f_Main_FormClosed}(User:40c2462b-be8b-429a-8b0e-a5a2381e6cc8):: Cierre de sesión
2022-02-12 15:38:25,327 > (INFO) [UI.Forms.f_Login]{but_IniciarSesion_Click}(User:N/A):: Modificación de usuario: 40c2462b-be8b-429a-8b0e-a5a2381e6cc8
2022-02-12 15:38:25,365 > (INFO) [UI.Forms.f_Login]{but_IniciarSesion_Click}(User:40c2462b-be8b-429a-8b0e-a5a2381e6cc8):: Inicio de sesión
2022-02-12 15:38:25,480 > (INFO) [BLL.Services.StartupService+<>c]{<Startup>b__0_1}(User:40c2462b-be8b-429a-8b0e-a5a2381e6cc8):: Inicialización de servicio de tareas programadas (comienzo de proceso)
2022-02-12 15:38:25,550 > (INFO) [BLL.Services.SchedulerService]{Startup}(User:40c2462b-be8b-429a-8b0e-a5a2381e6cc8):: Obtención de tareas programadas (comienzo de proceso)
2022-02-12 15:38:26,496 > (INFO) [BLL.Services.SchedulerService]{Startup}(User:40c2462b-be8b-429a-8b0e-a5a2381e6cc8):: Obtención de tareas programadas (fin de proceso)
2022-02-12 15:38:26,497 > (DEBUG) [BLL.Services.SchedulerService]{Startup}(User:40c2462b-be8b-429a-8b0e-a5a2381e6cc8):: Static to Dynamic Batch (inicio de proceso)
2022-02-12 15:38:26,556 > (DEBUG) [BLL.Services.SchedulerService]{Startup}(User:40c2462b-be8b-429a-8b0e-a5a2381e6cc8):: Static to Dynamic Batch (fin de proceso)
2022-02-12 15:38:26,558 > (INFO) [BLL.Services.StartupService+<>c]{<Startup>b__0_1}(User:40c2462b-be8b-429a-8b0e-a5a2381e6cc8):: Inicialización de servicio de tareas programadas (fin de proceso)
2022-02-12 15:38:29,139 > (INFO) [BLL.Services.BackupService]{GenerateScheduledBackup}(User:40c2462b-be8b-429a-8b0e-a5a2381e6cc8):: Creación de respaldo (comienzo de proceso)
2022-02-12 15:38:30,366 > (INFO) [BLL.Services.BackupService]{GenerateScheduledBackup}(User:40c2462b-be8b-429a-8b0e-a5a2381e6cc8):: Creación de respaldo (fin de proceso)
2022-02-12 15:38:30,459 > (INFO) [UI.Forms.f_Main]{f_Main_FormClosed}(User:40c2462b-be8b-429a-8b0e-a5a2381e6cc8):: Cierre de sesión
